{
  "version": "1.5.0",
  "plugins_used": [
    {
      "name": "ArtifactoryDetector"
    },
    {
      "name": "AWSKeyDetector"
    },
    {
      "name": "AzureStorageKeyDetector"
    },
    {
      "name": "Base64HighEntropyString",
      "limit": 4.5
    },
    {
      "name": "BasicAuthDetector"
    },
    {
      "name": "CloudantDetector"
    },
    {
      "name": "DiscordBotTokenDetector"
    },
    {
      "name": "GitHubTokenDetector"
    },
    {
      "name": "GitLabTokenDetector"
    },
    {
      "name": "HexHighEntropyString",
      "limit": 3.0
    },
    {
      "name": "IbmCloudIamDetector"
    },
    {
      "name": "IbmCosHmacDetector"
    },
    {
      "name": "IPPublicDetector"
    },
    {
      "name": "JwtTokenDetector"
    },
    {
      "name": "KeywordDetector",
      "keyword_exclude": ""
    },
    {
      "name": "MailchimpDetector"
    },
    {
      "name": "NpmDetector"
    },
    {
      "name": "OpenAIDetector"
    },
    {
      "name": "PrivateKeyDetector"
    },
    {
      "name": "PypiTokenDetector"
    },
    {
      "name": "SendGridDetector"
    },
    {
      "name": "SlackDetector"
    },
    {
      "name": "SoftlayerDetector"
    },
    {
      "name": "SquareOAuthDetector"
    },
    {
      "name": "StripeDetector"
    },
    {
      "name": "TelegramBotTokenDetector"
    },
    {
      "name": "TwilioKeyDetector"
    }
  ],
  "filters_used": [
    {
      "path": "detect_secrets.filters.allowlist.is_line_allowlisted"
    },
    {
      "path": "detect_secrets.filters.common.is_ignored_due_to_verification_policies",
      "min_level": 2
    },
    {
      "path": "detect_secrets.filters.heuristic.is_indirect_reference"
    },
    {
      "path": "detect_secrets.filters.heuristic.is_likely_id_string"
    },
    {
      "path": "detect_secrets.filters.heuristic.is_lock_file"
    },
    {
      "path": "detect_secrets.filters.heuristic.is_not_alphanumeric_string"
    },
    {
      "path": "detect_secrets.filters.heuristic.is_potential_uuid"
    },
    {
      "path": "detect_secrets.filters.heuristic.is_prefixed_with_dollar_sign"
    },
    {
      "path": "detect_secrets.filters.heuristic.is_sequential_string"
    },
    {
      "path": "detect_secrets.filters.heuristic.is_swagger_file"
    },
    {
      "path": "detect_secrets.filters.heuristic.is_templated_secret"
    },
    {
      "path": "detect_secrets.filters.regex.should_exclude_file",
      "pattern": [
        "uv.lock"
      ]
    }
  ],
  "results": {
    ".env.example": [
      {
        "type": "Basic Auth Credentials",
        "filename": ".env.example",
        "hashed_secret": "41cc7ce8821a265ec7cffe9824f320092631764a",
        "is_verified": false,
        "line_number": 19
      }
    ],
    ".github/workflows/ci.yml": [
      {
        "type": "Secret Keyword",
        "filename": ".github/workflows/ci.yml",
        "hashed_secret": "41cc7ce8821a265ec7cffe9824f320092631764a",
        "is_verified": false,
        "line_number": 51
      },
      {
        "type": "Basic Auth Credentials",
        "filename": ".github/workflows/ci.yml",
        "hashed_secret": "41cc7ce8821a265ec7cffe9824f320092631764a",
        "is_verified": false,
        "line_number": 69
      }
    ],
    "CLAUDE.md": [
      {
        "type": "Basic Auth Credentials",
        "filename": "CLAUDE.md",
        "hashed_secret": "41cc7ce8821a265ec7cffe9824f320092631764a",
        "is_verified": false,
        "line_number": 150
      }
    ],
    "alembic/versions/a1b2c3d4e5f6_add_password_hash_to_staff.py": [
      {
        "type": "Hex High Entropy String",
        "filename": "alembic/versions/a1b2c3d4e5f6_add_password_hash_to_staff.py",
        "hashed_secret": "ef678205593788329ff416ce5c65fa04f33a05bd",
        "is_verified": false,
        "line_number": 11
      },
      {
        "type": "Hex High Entropy String",
        "filename": "alembic/versions/a1b2c3d4e5f6_add_password_hash_to_staff.py",
        "hashed_secret": "81b9ca8522e88e586b5db203d3135d5e5a1e6e4d",
        "is_verified": false,
        "line_number": 12
      }
    ],
    "alembic/versions/c3f8a1b2d4e5_fix_decimal_relationships_enums.py": [
      {
        "type": "Hex High Entropy String",
        "filename": "alembic/versions/c3f8a1b2d4e5_fix_decimal_relationships_enums.py",
        "hashed_secret": "18a9faf3361d2e29031ed471bfb7f7c99025d1de",
        "is_verified": false,
        "line_number": 17
      }
    ],
    "alembic/versions/d4e5f6a7b8c9_add_missing_indexes.py": [
      {
        "type": "Hex High Entropy String",
        "filename": "alembic/versions/d4e5f6a7b8c9_add_missing_indexes.py",
        "hashed_secret": "9d7711abfa1f07e829f8ffd195f6679b8327ecf7",
        "is_verified": false,
        "line_number": 14
      }
    ],
    "alembic/versions/e5f6a7b8c9d0_data_integrity_constraints.py": [
      {
        "type": "Hex High Entropy String",
        "filename": "alembic/versions/e5f6a7b8c9d0_data_integrity_constraints.py",
        "hashed_secret": "5b8b7a611fb4d5665c9e428bee5e92a383344fd4",
        "is_verified": false,
        "line_number": 24
      }
    ],
    "alembic/versions/f6a7b8c9d0e1_add_ocr_failed_status.py": [
      {
        "type": "Hex High Entropy String",
        "filename": "alembic/versions/f6a7b8c9d0e1_add_ocr_failed_status.py",
        "hashed_secret": "81b9ca8522e88e586b5db203d3135d5e5a1e6e4d",
        "is_verified": false,
        "line_number": 10
      },
      {
        "type": "Hex High Entropy String",
        "filename": "alembic/versions/f6a7b8c9d0e1_add_ocr_failed_status.py",
        "hashed_secret": "5b8b7a611fb4d5665c9e428bee5e92a383344fd4",
        "is_verified": false,
        "line_number": 11
      }
    ],
    "docker-compose.test.yml": [
      {
        "type": "Secret Keyword",
        "filename": "docker-compose.test.yml",
        "hashed_secret": "206c80413b9a96c1312cc346b7d2517b84463edd",
        "is_verified": false,
        "line_number": 11
      },
      {
        "type": "Basic Auth Credentials",
        "filename": "docker-compose.test.yml",
        "hashed_secret": "206c80413b9a96c1312cc346b7d2517b84463edd",
        "is_verified": false,
        "line_number": 38
      },
      {
        "type": "Secret Keyword",
        "filename": "docker-compose.test.yml",
        "hashed_secret": "5f424613dddd90a853c29828ad8ef59b10ee672f",
        "is_verified": false,
        "line_number": 40
      },
      {
        "type": "Secret Keyword",
        "filename": "docker-compose.test.yml",
        "hashed_secret": "a137f468047c4de8112b4675a99c599d9a03ff61",
        "is_verified": false,
        "line_number": 42
      }
    ],
    "docs/audit_log.json": [
      {
        "type": "AWS Access Key",
        "filename": "docs/audit_log.json",
        "hashed_secret": "4a27248a81499544d114536df50b057cb46a1225",
        "is_verified": false,
        "line_number": 30026
      }
    ],
    "docs/superpowers/plans/2026-03-14-lab-manager-v1.md": [
      {
        "type": "Basic Auth Credentials",
        "filename": "docs/superpowers/plans/2026-03-14-lab-manager-v1.md",
        "hashed_secret": "41cc7ce8821a265ec7cffe9824f320092631764a",
        "is_verified": false,
        "line_number": 191
      }
    ],
    "docs/superpowers/plans/2026-03-16-agent-handoff.md": [
      {
        "type": "Secret Keyword",
        "filename": "docs/superpowers/plans/2026-03-16-agent-handoff.md",
        "hashed_secret": "295c052137136e4f0e1cf383f5047f1ffa77f048",
        "is_verified": false,
        "line_number": 51
      }
    ],
    "docs/superpowers/plans/2026-03-16-eng-review-todos.md": [
      {
        "type": "Secret Keyword",
        "filename": "docs/superpowers/plans/2026-03-16-eng-review-todos.md",
        "hashed_secret": "295c052137136e4f0e1cf383f5047f1ffa77f048",
        "is_verified": false,
        "line_number": 55
      }
    ],
    "ocr-benchmark/scripts/run_glm_ocr.py": [
      {
        "type": "Secret Keyword",
        "filename": "ocr-benchmark/scripts/run_glm_ocr.py",
        "hashed_secret": "5bc604777adb22ae457a5473c397202e00689e23",
        "is_verified": false,
        "line_number": 44
      }
    ],
    "src/lab_manager/config.py": [
      {
        "type": "Basic Auth Credentials",
        "filename": "src/lab_manager/config.py",
        "hashed_secret": "41cc7ce8821a265ec7cffe9824f320092631764a",
        "is_verified": false,
        "line_number": 15
      }
    ],
    "tests/bdd/conftest.py": [
      {
        "type": "Basic Auth Credentials",
        "filename": "tests/bdd/conftest.py",
        "hashed_secret": "206c80413b9a96c1312cc346b7d2517b84463edd",
        "is_verified": false,
        "line_number": 18
      }
    ],
    "tests/test_auth.py": [
      {
        "type": "Secret Keyword",
        "filename": "tests/test_auth.py",
        "hashed_secret": "9c1dfda22e843d1b77322b257cbe3851b77cb051",
        "is_verified": false,
        "line_number": 79
      },
      {
        "type": "Secret Keyword",
        "filename": "tests/test_auth.py",
        "hashed_secret": "74ba31d41223751c75cc0a453dd7df04889bdc72",
        "is_verified": false,
        "line_number": 80
      },
      {
        "type": "Secret Keyword",
        "filename": "tests/test_auth.py",
        "hashed_secret": "ffb6b0df52406a12074ca094831141bccab2f455",
        "is_verified": false,
        "line_number": 140
      },
      {
        "type": "Secret Keyword",
        "filename": "tests/test_auth.py",
        "hashed_secret": "d8ecf7db8fc9ec9c31bc5c9ae2929cc599c75f8d",
        "is_verified": false,
        "line_number": 152
      },
      {
        "type": "Secret Keyword",
        "filename": "tests/test_auth.py",
        "hashed_secret": "8867c88b56e0bfb82cffaf15a66bc8d107d6754a",
        "is_verified": false,
        "line_number": 161
      },
      {
        "type": "Secret Keyword",
        "filename": "tests/test_auth.py",
        "hashed_secret": "f8377c90fcfd699f0ddbdcb30c2c9183d2d933ea",
        "is_verified": false,
        "line_number": 170
      }
    ],
    "tests/test_config_defaults.py": [
      {
        "type": "Secret Keyword",
        "filename": "tests/test_config_defaults.py",
        "hashed_secret": "a94a8fe5ccb19ba61c4c0873d391e987982fbbd3",
        "is_verified": false,
        "line_number": 10
      }
    ],
    "tests/test_health_disk.py": [
      {
        "type": "Secret Keyword",
        "filename": "tests/test_health_disk.py",
        "hashed_secret": "3acfb2c2b433c0ea7ff107e33df91b18e52f960f",
        "is_verified": false,
        "line_number": 18
      }
    ]
  },
  "generated_at": "2026-03-19T19:04:50Z"
}
